[INFO] [launch]: All log files can be found below /tmp/sim004-ros-xgo53t5l/2026-10-05-10-23-03-729002-DESKTOP-4B51LPI-225490
[INFO] [launch]: Default logging verbosity is set to INFO
[INFO] [xacro-1]: process started with pid [225557]
[INFO] [parameter_bridge-2]: process started with pid [225558]
[INFO] [image_bridge-3]: process started with pid [225559]
[INFO] [image_bridge-4]: process started with pid [225560]
[INFO] [create-5]: process started with pid [225561]
[INFO] [gz-6]: process started with pid [225562]
[INFO] [robot_state_publisher-7]: process started with pid [225563]
[INFO] [component_container_isolated-8]: process started with pid [225576]
[robot_state_publisher-7] [WARN] [1791163385.148923325] [kdl_parser]: The root link base_link has an inertia specified in the URDF, but KDL does not support a root link with an inertia.  As a workaround, you can add an extra dummy link to your URDF.
[robot_state_publisher-7] [INFO] [1791163385.150137407] [robot_state_publisher]: Robot initialized
[create-5] [INFO] [1791163385.184706610] [ros_gz_sim]: Requesting list of world names.
[INFO] [xacro-1]: process has finished cleanly [pid 225557]
[create-5] [INFO] [1791163385.736550524] [ros_gz_sim]: Waiting messages on topic [robot_description].
[create-5] [INFO] [1791163385.835657894] [ros_gz_sim]: Entity creation successful.
[INFO] [create-5]: process has finished cleanly [pid 225561]
[parameter_bridge-2] [INFO] [1791163386.182641462] [bridge_ros_gz]: Creating GZ->ROS Bridge: [/clock (gz.msgs.Clock) -> clock (rosgraph_msgs/msg/Clock)] (Lazy 0)
[parameter_bridge-2] [INFO] [1791163386.184568444] [bridge_ros_gz]: Creating GZ->ROS Bridge: [joint_states (gz.msgs.Model) -> joint_states (sensor_msgs/msg/JointState)] (Lazy 0)
[parameter_bridge-2] [INFO] [1791163386.187825599] [bridge_ros_gz]: Creating GZ->ROS Bridge: [/odom (gz.msgs.Odometry) -> odom (nav_msgs/msg/Odometry)] (Lazy 0)
[parameter_bridge-2] [INFO] [1791163386.190720710] [bridge_ros_gz]: Creating GZ->ROS Bridge: [/tf (gz.msgs.Pose_V) -> tf (tf2_msgs/msg/TFMessage)] (Lazy 0)
[parameter_bridge-2] [INFO] [1791163386.193487107] [bridge_ros_gz]: Creating GZ->ROS Bridge: [/imu (gz.msgs.IMU) -> imu (sensor_msgs/msg/Imu)] (Lazy 0)
[parameter_bridge-2] [INFO] [1791163386.195256400] [bridge_ros_gz]: Creating GZ->ROS Bridge: [/scan (gz.msgs.LaserScan) -> scan (sensor_msgs/msg/LaserScan)] (Lazy 0)
[parameter_bridge-2] [INFO] [1791163386.197288093] [bridge_ros_gz]: Creating ROS->GZ Bridge: [cmd_vel (geometry_msgs/msg/Twist) -> /cmd_vel (gz.msgs.Twist)] (Lazy 0)
[parameter_bridge-2] [INFO] [1791163386.199397341] [bridge_ros_gz]: Creating GZ->ROS Bridge: [/rgbd_camera/camera_info (gz.msgs.CameraInfo) -> /rgbd_camera/camera_info (sensor_msgs/msg/CameraInfo)] (Lazy 0)
[gz-6] [1;33mWarning [Utils.cc:132][0m [/sdf/model[@name="turtlebot4"]/link[@name="rplidar_link"]/sensor[@name="rplidar"]/gz_frame_id:<urdf-string>:L0]: XML Element[gz_frame_id], child of element[sensor], not defined in SDF. Copying[gz_frame_id] as children of [sensor].
[component_container_isolated-8] [INFO] [1791163388.159717472] [nav2_container]: Load Library: /opt/ros/jazzy/lib/libamcl_core.so
[component_container_isolated-8] [INFO] [1791163388.182536493] [nav2_container]: Found class: rclcpp_components::NodeFactoryTemplate<nav2_amcl::AmclNode>
[component_container_isolated-8] [INFO] [1791163388.182640439] [nav2_container]: Instantiate class: rclcpp_components::NodeFactoryTemplate<nav2_amcl::AmclNode>
[component_container_isolated-8] [INFO] [1791163388.227113264] [amcl]: 
[component_container_isolated-8] 	amcl lifecycle node launched. 
[component_container_isolated-8] 	Waiting on external lifecycle transitions to activate
[component_container_isolated-8] 	See https://design.ros2.org/articles/node_lifecycle.html for more information.
[component_container_isolated-8] [INFO] [1791163388.227805031] [amcl]: Creating
[INFO] [launch_ros.actions.load_composable_nodes]: Loaded node '/amcl' in container '/nav2_container'
[component_container_isolated-8] [INFO] [1791163388.234487550] [nav2_container]: Load Library: /opt/ros/jazzy/lib/libmap_server_core.so
[component_container_isolated-8] [INFO] [1791163388.256465434] [nav2_container]: Found class: rclcpp_components::NodeFactoryTemplate<nav2_map_server::CostmapFilterInfoServer>
[component_container_isolated-8] [INFO] [1791163388.256557045] [nav2_container]: Found class: rclcpp_components::NodeFactoryTemplate<nav2_map_server::MapSaver>
[component_container_isolated-8] [INFO] [1791163388.256565365] [nav2_container]: Found class: rclcpp_components::NodeFactoryTemplate<nav2_map_server::MapServer>
[component_container_isolated-8] [INFO] [1791163388.256571389] [nav2_container]: Instantiate class: rclcpp_components::NodeFactoryTemplate<nav2_map_server::MapServer>
[component_container_isolated-8] [INFO] [1791163388.289405820] [map_server]: 
[component_container_isolated-8] 	map_server lifecycle node launched. 
[component_container_isolated-8] 	Waiting on external lifecycle transitions to activate
[component_container_isolated-8] 	See https://design.ros2.org/articles/node_lifecycle.html for more information.
[component_container_isolated-8] [INFO] [1791163388.289521625] [map_server]: Creating
[component_container_isolated-8] [INFO] [1791163388.290409618] [nav2_container]: Load Library: /opt/ros/jazzy/lib/libnav2_lifecycle_manager_core.so
[component_container_isolated-8] [INFO] [1791163388.292090265] [nav2_container]: Found class: rclcpp_components::NodeFactoryTemplate<nav2_lifecycle_manager::LifecycleManager>
[component_container_isolated-8] [INFO] [1791163388.292158256] [nav2_container]: Instantiate class: rclcpp_components::NodeFactoryTemplate<nav2_lifecycle_manager::LifecycleManager>
[INFO] [launch_ros.actions.load_composable_nodes]: Loaded node '/map_server' in container '/nav2_container'
[component_container_isolated-8] [INFO] [1791163388.328504306] [lifecycle_manager_localization]: Creating
[component_container_isolated-8] [INFO] [1791163388.338493419] [lifecycle_manager_localization]: [34m[1mCreating and initializing lifecycle service clients[0m[0m
[INFO] [launch_ros.actions.load_composable_nodes]: Loaded node '/lifecycle_manager_localization' in container '/nav2_container'
[component_container_isolated-8] [INFO] [1791163388.338930052] [nav2_container]: Load Library: /opt/ros/jazzy/lib/libcontroller_server_core.so
[component_container_isolated-8] [INFO] [1791163388.346132017] [nav2_container]: Found class: rclcpp_components::NodeFactoryTemplate<nav2_controller::ControllerServer>
[component_container_isolated-8] [INFO] [1791163388.346249639] [nav2_container]: Instantiate class: rclcpp_components::NodeFactoryTemplate<nav2_controller::ControllerServer>
[component_container_isolated-8] [INFO] [1791163388.382573408] [controller_server]: 
[component_container_isolated-8] 	controller_server lifecycle node launched. 
[component_container_isolated-8] 	Waiting on external lifecycle transitions to activate
[component_container_isolated-8] 	See https://design.ros2.org/articles/node_lifecycle.html for more information.
[component_container_isolated-8] [INFO] [1791163388.389090778] [controller_server]: Creating controller server
[component_container_isolated-8] [INFO] [1791163388.423271352] [local_costmap.local_costmap]: 
[component_container_isolated-8] 	local_costmap lifecycle node launched. 
[component_container_isolated-8] 	Waiting on external lifecycle transitions to activate
[component_container_isolated-8] 	See https://design.ros2.org/articles/node_lifecycle.html for more information.
[component_container_isolated-8] [INFO] [1791163388.424191094] [local_costmap.local_costmap]: Creating Costmap
[INFO] [launch_ros.actions.load_composable_nodes]: Loaded node '/controller_server' in container '/nav2_container'
[component_container_isolated-8] [INFO] [1791163388.437406475] [nav2_container]: Load Library: /opt/ros/jazzy/lib/libsmoother_server_core.so
[component_container_isolated-8] [INFO] [1791163388.441071862] [nav2_container]: Found class: rclcpp_components::NodeFactoryTemplate<nav2_smoother::SmootherServer>
[component_container_isolated-8] [INFO] [1791163388.441177626] [nav2_container]: Instantiate class: rclcpp_components::NodeFactoryTemplate<nav2_smoother::SmootherServer>
[component_container_isolated-8] [INFO] [1791163388.473698591] [smoother_server]: 
[component_container_isolated-8] 	smoother_server lifecycle node launched. 
[component_container_isolated-8] 	Waiting on external lifecycle transitions to activate
[component_container_isolated-8] 	See https://design.ros2.org/articles/node_lifecycle.html for more information.
[component_container_isolated-8] [INFO] [1791163388.476379689] [smoother_server]: Creating smoother server
[INFO] [launch_ros.actions.load_composable_nodes]: Loaded node '/smoother_server' in container '/nav2_container'
[component_container_isolated-8] [INFO] [1791163388.483334840] [nav2_container]: Load Library: /opt/ros/jazzy/lib/libplanner_server_core.so
[component_container_isolated-8] [INFO] [1791163388.484975419] [nav2_container]: Found class: rclcpp_components::NodeFactoryTemplate<nav2_planner::PlannerServer>
[component_container_isolated-8] [INFO] [1791163388.485054598] [nav2_container]: Instantiate class: rclcpp_components::NodeFactoryTemplate<nav2_planner::PlannerServer>
[component_container_isolated-8] [INFO] [1791163388.516079573] [planner_server]: 
[component_container_isolated-8] 	planner_server lifecycle node launched. 
[component_container_isolated-8] 	Waiting on external lifecycle transitions to activate
[component_container_isolated-8] 	See https://design.ros2.org/articles/node_lifecycle.html for more information.
[component_container_isolated-8] [INFO] [1791163388.517908537] [planner_server]: Creating
[component_container_isolated-8] [INFO] [1791163388.549841587] [global_costmap.global_costmap]: 
[component_container_isolated-8] 	global_costmap lifecycle node launched. 
[component_container_isolated-8] 	Waiting on external lifecycle transitions to activate
[component_container_isolated-8] 	See https://design.ros2.org/articles/node_lifecycle.html for more information.
[component_container_isolated-8] [INFO] [1791163388.550693816] [global_costmap.global_costmap]: Creating Costmap
[INFO] [launch_ros.actions.load_composable_nodes]: Loaded node '/planner_server' in container '/nav2_container'
[component_container_isolated-8] [INFO] [1791163388.558668066] [nav2_container]: Load Library: /opt/ros/jazzy/lib/libroute_server_core.so
[component_container_isolated-8] [INFO] [1791163388.561264055] [nav2_container]: Found class: rclcpp_components::NodeFactoryTemplate<nav2_route::RouteServer>
[component_container_isolated-8] [INFO] [1791163388.561335871] [nav2_container]: Instantiate class: rclcpp_components::NodeFactoryTemplate<nav2_route::RouteServer>
[component_container_isolated-8] [INFO] [1791163388.594046370] [route_server]: 
[component_container_isolated-8] 	route_server lifecycle node launched. 
[component_container_isolated-8] 	Waiting on external lifecycle transitions to activate
[component_container_isolated-8] 	See https://design.ros2.org/articles/node_lifecycle.html for more information.
[INFO] [launch_ros.actions.load_composable_nodes]: Loaded node '/route_server' in container '/nav2_container'
[component_container_isolated-8] [INFO] [1791163388.597940784] [nav2_container]: Load Library: /opt/ros/jazzy/lib/libbehavior_server_core.so
[component_container_isolated-8] [INFO] [1791163388.599977259] [nav2_container]: Found class: rclcpp_components::NodeFactoryTemplate<behavior_server::BehaviorServer>
[component_container_isolated-8] [INFO] [1791163388.600070591] [nav2_container]: Instantiate class: rclcpp_components::NodeFactoryTemplate<behavior_server::BehaviorServer>
[component_container_isolated-8] [INFO] [1791163388.633191999] [behavior_server]: 
[component_container_isolated-8] 	behavior_server lifecycle node launched. 
[component_container_isolated-8] 	Waiting on external lifecycle transitions to activate
[component_container_isolated-8] 	See https://design.ros2.org/articles/node_lifecycle.html for more information.
[INFO] [launch_ros.actions.load_composable_nodes]: Loaded node '/behavior_server' in container '/nav2_container'
[component_container_isolated-8] [INFO] [1791163388.641697075] [nav2_container]: Load Library: /opt/ros/jazzy/lib/libbt_navigator_core.so
[component_container_isolated-8] [INFO] [1791163388.647033929] [nav2_container]: Found class: rclcpp_components::NodeFactoryTemplate<nav2_bt_navigator::BtNavigator>
[component_container_isolated-8] [INFO] [1791163388.647128504] [nav2_container]: Instantiate class: rclcpp_components::NodeFactoryTemplate<nav2_bt_navigator::BtNavigator>
[component_container_isolated-8] [INFO] [1791163388.692480142] [bt_navigator]: 
[component_container_isolated-8] 	bt_navigator lifecycle node launched. 
[component_container_isolated-8] 	Waiting on external lifecycle transitions to activate
[component_container_isolated-8] 	See https://design.ros2.org/articles/node_lifecycle.html for more information.
[component_container_isolated-8] [INFO] [1791163388.695903402] [bt_navigator]: Creating
[INFO] [launch_ros.actions.load_composable_nodes]: Loaded node '/bt_navigator' in container '/nav2_container'
[component_container_isolated-8] [INFO] [1791163388.699910369] [nav2_container]: Load Library: /opt/ros/jazzy/lib/libwaypoint_follower_core.so
[component_container_isolated-8] [INFO] [1791163388.701433422] [nav2_container]: Found class: rclcpp_components::NodeFactoryTemplate<nav2_waypoint_follower::WaypointFollower>
[component_container_isolated-8] [INFO] [1791163388.701514227] [nav2_container]: Instantiate class: rclcpp_components::NodeFactoryTemplate<nav2_waypoint_follower::WaypointFollower>
[component_container_isolated-8] [INFO] [1791163388.739363249] [waypoint_follower]: 
[component_container_isolated-8] 	waypoint_follower lifecycle node launched. 
[component_container_isolated-8] 	Waiting on external lifecycle transitions to activate
[component_container_isolated-8] 	See https://design.ros2.org/articles/node_lifecycle.html for more information.
[component_container_isolated-8] [INFO] [1791163388.740010071] [waypoint_follower]: Creating
[INFO] [launch_ros.actions.load_composable_nodes]: Loaded node '/waypoint_follower' in container '/nav2_container'
[component_container_isolated-8] [INFO] [1791163388.744247691] [nav2_container]: Load Library: /opt/ros/jazzy/lib/libvelocity_smoother_core.so
[component_container_isolated-8] [INFO] [1791163388.745811385] [nav2_container]: Found class: rclcpp_components::NodeFactoryTemplate<nav2_velocity_smoother::VelocitySmoother>
[component_container_isolated-8] [INFO] [1791163388.745898215] [nav2_container]: Instantiate class: rclcpp_components::NodeFactoryTemplate<nav2_velocity_smoother::VelocitySmoother>
[component_container_isolated-8] [INFO] [1791163388.789433129] [velocity_smoother]: 
[component_container_isolated-8] 	velocity_smoother lifecycle node launched. 
[component_container_isolated-8] 	Waiting on external lifecycle transitions to activate
[component_container_isolated-8] 	See https://design.ros2.org/articles/node_lifecycle.html for more information.
[INFO] [launch_ros.actions.load_composable_nodes]: Loaded node '/velocity_smoother' in container '/nav2_container'
[component_container_isolated-8] [INFO] [1791163388.794873547] [nav2_container]: Load Library: /opt/ros/jazzy/lib/libcollision_monitor_core.so
[component_container_isolated-8] [INFO] [1791163388.800376888] [nav2_container]: Found class: rclcpp_components::NodeFactoryTemplate<nav2_collision_monitor::CollisionMonitor>
[component_container_isolated-8] [INFO] [1791163388.800501586] [nav2_container]: Instantiate class: rclcpp_components::NodeFactoryTemplate<nav2_collision_monitor::CollisionMonitor>
[component_container_isolated-8] [INFO] [1791163388.835724495] [collision_monitor]: 
[component_container_isolated-8] 	collision_monitor lifecycle node launched. 
[component_container_isolated-8] 	Waiting on external lifecycle transitions to activate
[component_container_isolated-8] 	See https://design.ros2.org/articles/node_lifecycle.html for more information.
[INFO] [launch_ros.actions.load_composable_nodes]: Loaded node '/collision_monitor' in container '/nav2_container'
[component_container_isolated-8] [INFO] [1791163388.841466904] [nav2_container]: Load Library: /opt/ros/jazzy/lib/libopennav_docking_core.so
[component_container_isolated-8] [INFO] [1791163388.844702447] [nav2_container]: Found class: rclcpp_components::NodeFactoryTemplate<opennav_docking::DockingServer>
[component_container_isolated-8] [INFO] [1791163388.844791380] [nav2_container]: Instantiate class: rclcpp_components::NodeFactoryTemplate<opennav_docking::DockingServer>
[component_container_isolated-8] [INFO] [1791163388.882655415] [docking_server]: 
[component_container_isolated-8] 	docking_server lifecycle node launched. 
[component_container_isolated-8] 	Waiting on external lifecycle transitions to activate
[component_container_isolated-8] 	See https://design.ros2.org/articles/node_lifecycle.html for more information.
[component_container_isolated-8] [INFO] [1791163388.882747696] [docking_server]: Creating docking_server
[INFO] [launch_ros.actions.load_composable_nodes]: Loaded node '/docking_server' in container '/nav2_container'
[component_container_isolated-8] [INFO] [1791163388.890096353] [nav2_container]: Found class: rclcpp_components::NodeFactoryTemplate<nav2_lifecycle_manager::LifecycleManager>
[component_container_isolated-8] [INFO] [1791163388.890134699] [nav2_container]: Instantiate class: rclcpp_components::NodeFactoryTemplate<nav2_lifecycle_manager::LifecycleManager>
[component_container_isolated-8] [INFO] [1791163388.920918789] [lifecycle_manager_navigation]: Creating
[INFO] [launch_ros.actions.load_composable_nodes]: Loaded node '/lifecycle_manager_navigation' in container '/nav2_container'
[component_container_isolated-8] [INFO] [1791163388.926799570] [lifecycle_manager_navigation]: [34m[1mCreating and initializing lifecycle service clients[0m[0m
[component_container_isolated-8] [INFO] [1791163409.200311978] [map_server]: Configuring
[component_container_isolated-8] [INFO] [1791163409.200472437] [map_io]: Loading yaml file: /opt/ros/jazzy/share/nav2_bringup/maps/depot.yaml
[component_container_isolated-8] [INFO] [1791163409.200822511] [map_io]: resolution: 0.05
[component_container_isolated-8] [INFO] [1791163409.200841309] [map_io]: origin[0]: -7.14
[component_container_isolated-8] [INFO] [1791163409.200850900] [map_io]: origin[1]: -7.83
[component_container_isolated-8] [INFO] [1791163409.200854545] [map_io]: origin[2]: 0
[component_container_isolated-8] [INFO] [1791163409.200858094] [map_io]: free_thresh: 0.25
[component_container_isolated-8] [INFO] [1791163409.200861451] [map_io]: occupied_thresh: 0.65
[component_container_isolated-8] [INFO] [1791163409.200866726] [map_io]: mode: trinary
[component_container_isolated-8] [INFO] [1791163409.200870754] [map_io]: negate: 0
[component_container_isolated-8] [INFO] [1791163409.201105064] [map_io]: Loading image_file: /opt/ros/jazzy/share/nav2_bringup/maps/depot.pgm
[component_container_isolated-8] [INFO] [1791163409.207870026] [map_io]: Read map /opt/ros/jazzy/share/nav2_bringup/maps/depot.pgm: 604 X 307 map @ 0.05 m/cell
[component_container_isolated-8] [INFO] [1791163411.628200798] [map_server]: Activating
[component_container_isolated-8] [INFO] [1791163411.628669021] [map_server]: Creating bond (map_server) to lifecycle manager.
[component_container_isolated-8] [INFO] [1791163413.957448620] [amcl]: Configuring
[component_container_isolated-8] [INFO] [1791163413.957656572] [amcl]: initTransforms
[component_container_isolated-8] [INFO] [1791163413.981603613] [amcl]: initPubSub
[component_container_isolated-8] [INFO] [1791163413.996790121] [amcl]: Subscribed to map topic.
[component_container_isolated-8] [INFO] [1791163414.009866923] [amcl]: Received a 604 X 307 map @ 0.050 m/pix
[component_container_isolated-8] [INFO] [1791163416.267685818] [amcl]: Activating
[component_container_isolated-8] [INFO] [1791163416.267762257] [amcl]: Creating bond (amcl) to lifecycle manager.
[component_container_isolated-8] [INFO] [1791163416.356077003] [amcl]: createLaserObject
[component_container_isolated-8] [INFO] [1791163416.466044493] [amcl]: Message Filter dropping message: frame 'rplidar_link' at time 5.001 for reason 'the timestamp on the message is earlier than all the data in the transform cache'
[component_container_isolated-8] [WARN] [1791163418.339643045] [amcl]: AMCL cannot publish a pose or update the transform. Please set the initial pose...
[component_container_isolated-8] [WARN] [1791163422.730125624] [amcl]: AMCL cannot publish a pose or update the transform. Please set the initial pose...
[component_container_isolated-8] [INFO] [1791163425.976508320] [amcl]: initialPoseReceived
[component_container_isolated-8] [WARN] [1791163425.976678165] [amcl]: Failed to transform initial pose in time (Lookup would require extrapolation into the future.  Requested time 10.602000 but the latest data is at time 10.584000, when looking up transform from frame [base_footprint] to frame [odom])
[component_container_isolated-8] [INFO] [1791163425.976701295] [amcl]: Setting pose (10.602000): -6.500 0.000 0.000
[component_container_isolated-8] [INFO] [1791163440.129038323] [lifecycle_manager_navigation]: [34m[1mStarting managed nodes bringup...[0m[0m
[component_container_isolated-8] [INFO] [1791163440.129164030] [lifecycle_manager_navigation]: [34m[1mConfiguring controller_server[0m[0m
[component_container_isolated-8] [INFO] [1791163440.129596957] [controller_server]: Configuring controller interface
[component_container_isolated-8] [INFO] [1791163440.129652475] [controller_server]: getting progress checker plugins..
[component_container_isolated-8] [INFO] [1791163440.130688431] [controller_server]: getting goal checker plugins..
[component_container_isolated-8] [INFO] [1791163440.131666568] [controller_server]: Controller frequency set to 20.0000Hz
[component_container_isolated-8] [INFO] [1791163440.131782398] [local_costmap.local_costmap]: Configuring
[component_container_isolated-8] [INFO] [1791163440.164254495] [local_costmap.local_costmap]: Using plugin "voxel_layer"
[component_container_isolated-8] [INFO] [1791163440.174172018] [local_costmap.local_costmap]: Subscribed to Topics: scan
[component_container_isolated-8] [INFO] [1791163440.207676907] [local_costmap.local_costmap]: Initialized plugin "voxel_layer"
[component_container_isolated-8] [INFO] [1791163440.207733863] [local_costmap.local_costmap]: Using plugin "inflation_layer"
[component_container_isolated-8] [INFO] [1791163440.214663568] [local_costmap.local_costmap]: Initialized plugin "inflation_layer"
[component_container_isolated-8] [INFO] [1791163440.291585402] [controller_server]: Created progress_checker : progress_checker of type nav2_controller::SimpleProgressChecker
[component_container_isolated-8] [INFO] [1791163440.295844961] [controller_server]: Controller Server has progress_checker  progress checkers available.
[component_container_isolated-8] [INFO] [1791163440.300369165] [controller_server]: Created goal checker : general_goal_checker of type nav2_controller::SimpleGoalChecker
[component_container_isolated-8] [INFO] [1791163440.309417958] [controller_server]: Controller Server has general_goal_checker  goal checkers available.
[component_container_isolated-8] [INFO] [1791163440.311598797] [controller_server]: Created controller : FollowPath of type nav2_mppi_controller::MPPIController
[component_container_isolated-8] [INFO] [1791163440.340467390] [controller_server]: Controller period is equal to model dt. Control sequence shifting is ON
[component_container_isolated-8] [INFO] [1791163440.352999829] [controller_server]: ConstraintCritic instantiated with 1 power and 4.000000 weight.
[component_container_isolated-8] [INFO] [1791163440.353775549] [controller_server]: Critic loaded : mppi::critics::ConstraintCritic
[component_container_isolated-8] [INFO] [1791163440.363047853] [controller_server]: InflationCostCritic instantiated with 1 power and 300.000000 / 0.015000 weights. Critic will collision check based on circular cost.
[component_container_isolated-8] [INFO] [1791163440.363109795] [controller_server]: Critic loaded : mppi::critics::CostCritic
[component_container_isolated-8] [INFO] [1791163440.363731810] [controller_server]: GoalCritic instantiated with 1 power and 5.000000 weight.
[component_container_isolated-8] [INFO] [1791163440.363758179] [controller_server]: Critic loaded : mppi::critics::GoalCritic
[component_container_isolated-8] [INFO] [1791163440.364517790] [controller_server]: GoalAngleCritic instantiated with 1 power, 3.000000 weight, 0.500000 angular threshold and symmetric_yaw_tolerance disabled
[component_container_isolated-8] [INFO] [1791163440.364545022] [controller_server]: Critic loaded : mppi::critics::GoalAngleCritic
[component_container_isolated-8] [INFO] [1791163440.376929988] [controller_server]: ReferenceTrajectoryCritic instantiated with 1 power and 14.000000 weight
[component_container_isolated-8] [INFO] [1791163440.377691613] [controller_server]: Critic loaded : mppi::critics::PathAlignCritic
[component_container_isolated-8] [INFO] [1791163440.383081192] [controller_server]: Critic loaded : mppi::critics::PathFollowCritic
[component_container_isolated-8] [INFO] [1791163440.395315808] [controller_server]: PathAngleCritic instantiated with 1 power and 2.000000 weight. Mode set to: Forward Preference
[component_container_isolated-8] [INFO] [1791163440.395378134] [controller_server]: Critic loaded : mppi::critics::PathAngleCritic
[component_container_isolated-8] [INFO] [1791163440.401540652] [controller_server]: PreferForwardCritic instantiated with 1 power and 5.000000 weight.
[component_container_isolated-8] [INFO] [1791163440.401618991] [controller_server]: Critic loaded : mppi::critics::PreferForwardCritic
[component_container_isolated-8] [INFO] [1791163440.412053150] [controller_server]: Optimizer reset
[component_container_isolated-8] [INFO] [1791163440.429990893] [MPPIController]: Configured MPPI Controller: FollowPath
[component_container_isolated-8] [INFO] [1791163440.430034905] [controller_server]: Controller Server has FollowPath  controllers available.
[component_container_isolated-8] [INFO] [1791163440.464512752] [lifecycle_manager_navigation]: [34m[1mConfiguring smoother_server[0m[0m
[component_container_isolated-8] [INFO] [1791163440.464740194] [smoother_server]: Configuring smoother server
[component_container_isolated-8] [INFO] [1791163440.494982359] [smoother_server]: Created smoother : simple_smoother of type nav2_smoother::SimpleSmoother
[component_container_isolated-8] [INFO] [1791163440.499536000] [smoother_server]: Smoother Server has simple_smoother  smoothers available.
[component_container_isolated-8] [INFO] [1791163440.517294724] [lifecycle_manager_navigation]: [34m[1mConfiguring planner_server[0m[0m
[component_container_isolated-8] [INFO] [1791163440.517668968] [planner_server]: Configuring
[component_container_isolated-8] [INFO] [1791163440.517756320] [global_costmap.global_costmap]: Configuring
[component_container_isolated-8] [INFO] [1791163440.539437370] [global_costmap.global_costmap]: Using plugin "static_layer"
[component_container_isolated-8] [INFO] [1791163440.553584439] [global_costmap.global_costmap]: Subscribing to the map topic (/map) with transient local durability
[component_container_isolated-8] [INFO] [1791163440.558310676] [global_costmap.global_costmap]: Initialized plugin "static_layer"
[component_container_isolated-8] [INFO] [1791163440.558363126] [global_costmap.global_costmap]: Using plugin "obstacle_layer"
[component_container_isolated-8] [INFO] [1791163440.567640224] [global_costmap.global_costmap]: Subscribed to Topics: scan
[component_container_isolated-8] [INFO] [1791163440.585661004] [global_costmap.global_costmap]: Initialized plugin "obstacle_layer"
[component_container_isolated-8] [INFO] [1791163440.585739152] [global_costmap.global_costmap]: Using plugin "inflation_layer"
[component_container_isolated-8] [INFO] [1791163440.589229031] [global_costmap.global_costmap]: Initialized plugin "inflation_layer"
[component_container_isolated-8] [INFO] [1791163440.652256457] [planner_server]: Created global planner plugin GridBased of type nav2_navfn_planner::NavfnPlanner
[component_container_isolated-8] [INFO] [1791163440.652322426] [planner_server]: Configuring plugin GridBased of type NavfnPlanner
[component_container_isolated-8] [INFO] [1791163440.653066217] [global_costmap.global_costmap]: StaticLayer: Resizing costmap to 604 X 307 at 0.050000 m/pix
[component_container_isolated-8] [INFO] [1791163440.657815083] [planner_server]: Planner Server has GridBased  planners available.
[component_container_isolated-8] [INFO] [1791163440.703600709] [lifecycle_manager_navigation]: [34m[1mConfiguring route_server[0m[0m
[component_container_isolated-8] [INFO] [1791163440.703999500] [route_server]: Configuring
[component_container_isolated-8] [INFO] [1791163440.804643516] [route_server]: Created GraphFileLoader GeoJsonGraphFileLoader of type nav2_route::GeoJsonGraphFileLoader
[component_container_isolated-8] [INFO] [1791163440.804706801] [route_server]: Configuring geojson graph file loader
[component_container_isolated-8] [INFO] [1791163440.804719842] [route_server]: No graph file provided to load yet.
[component_container_isolated-8] [INFO] [1791163440.808685796] [route_server]: Created edge cost function plugin DistanceScorer of type nav2_route::DistanceScorer
[component_container_isolated-8] [INFO] [1791163440.808739013] [route_server]: Configuring distance scorer.
[component_container_isolated-8] [INFO] [1791163440.814168480] [route_server]: Created edge cost function plugin CostmapScorer of type nav2_route::CostmapScorer
[component_container_isolated-8] [INFO] [1791163440.814219300] [route_server]: Configuring costmap scorer.
[component_container_isolated-8] [INFO] [1791163440.835806381] [route_server]: Created route operation AdjustSpeedLimit of type nav2_route::AdjustSpeedLimit
[component_container_isolated-8] [INFO] [1791163440.835894501] [route_server]: Configuring Adjust speed limit operation.
[component_container_isolated-8] [INFO] [1791163440.840453224] [route_server]: Created route operation ReroutingService of type nav2_route::ReroutingService
[component_container_isolated-8] [INFO] [1791163440.840497620] [route_server]: Configuring Rerouting service operation.
[component_container_isolated-8] [INFO] [1791163440.850495975] [route_server]: Created route operation CollisionMonitor of type nav2_route::CollisionMonitor
[component_container_isolated-8] [INFO] [1791163440.851165261] [route_server]: Using costmap topic: local_costmap/costmap_raw instead of server costmap topic: global_costmap/costmap_raw for CollisionMonitor.
[component_container_isolated-8] [INFO] [1791163440.867273877] [lifecycle_manager_navigation]: [34m[1mConfiguring behavior_server[0m[0m
[component_container_isolated-8] [INFO] [1791163440.867803457] [behavior_server]: Configuring
[component_container_isolated-8] [INFO] [1791163440.880622788] [behavior_server]: Creating behavior plugin spin of type nav2_behaviors::Spin
[component_container_isolated-8] [INFO] [1791163440.886294656] [behavior_server]: Creating behavior plugin backup of type nav2_behaviors::BackUp
[component_container_isolated-8] [INFO] [1791163440.889859134] [behavior_server]: Creating behavior plugin drive_on_heading of type nav2_behaviors::DriveOnHeading
[component_container_isolated-8] [INFO] [1791163440.893444132] [behavior_server]: Creating behavior plugin assisted_teleop of type nav2_behaviors::AssistedTeleop
[component_container_isolated-8] [INFO] [1791163440.900562254] [behavior_server]: Creating behavior plugin wait of type nav2_behaviors::Wait
[component_container_isolated-8] [INFO] [1791163440.915284161] [behavior_server]: Configuring spin
[component_container_isolated-8] [INFO] [1791163440.978588220] [behavior_server]: Configuring backup
[component_container_isolated-8] [INFO] [1791163441.015141143] [behavior_server]: Configuring drive_on_heading
[component_container_isolated-8] [INFO] [1791163441.034285711] [behavior_server]: Configuring assisted_teleop
[component_container_isolated-8] [INFO] [1791163441.058900882] [behavior_server]: Configuring wait
[component_container_isolated-8] [INFO] [1791163441.073128783] [lifecycle_manager_navigation]: [34m[1mConfiguring velocity_smoother[0m[0m
[component_container_isolated-8] [INFO] [1791163441.073405415] [velocity_smoother]: Configuring velocity smoother
[component_container_isolated-8] [INFO] [1791163441.090634942] [lifecycle_manager_navigation]: [34m[1mConfiguring collision_monitor[0m[0m
[component_container_isolated-8] [INFO] [1791163441.090979845] [collision_monitor]: Configuring
[component_container_isolated-8] [INFO] [1791163441.130042785] [collision_monitor]: [scan]: Creating Scan
[component_container_isolated-8] [INFO] [1791163441.143846772] [collision_monitor]: [FootprintApproach]: Creating Polygon
[component_container_isolated-8] [INFO] [1791163441.146310667] [collision_monitor]: [FootprintApproach]: Polygon points are not defined. Using dynamic subscription instead.
[component_container_isolated-8] [INFO] [1791163441.163952697] [collision_monitor]: [FootprintApproach]: Making footprint subscriber on /local_costmap/published_footprint topic
[component_container_isolated-8] [INFO] [1791163441.200328518] [lifecycle_manager_navigation]: [34m[1mConfiguring bt_navigator[0m[0m
[component_container_isolated-8] [INFO] [1791163441.200804210] [bt_navigator]: Configuring
[component_container_isolated-8] [INFO] [1791163441.241490122] [bt_navigator]: Creating navigator id navigate_to_pose of type nav2_bt_navigator::NavigateToPoseNavigator
[component_container_isolated-8] [INFO] [1791163441.493031795] [bt_navigator]: Creating navigator id navigate_through_poses of type nav2_bt_navigator::NavigateThroughPosesNavigator
[component_container_isolated-8] [INFO] [1791163441.629446398] [lifecycle_manager_navigation]: [34m[1mConfiguring waypoint_follower[0m[0m
[component_container_isolated-8] [INFO] [1791163441.631280032] [waypoint_follower]: Configuring
[component_container_isolated-8] [INFO] [1791163441.786997511] [waypoint_follower]: Created waypoint_task_executor : wait_at_waypoint of type nav2_waypoint_follower::WaitAtWaypoint
[component_container_isolated-8] [INFO] [1791163441.791679161] [lifecycle_manager_navigation]: [34m[1mConfiguring docking_server[0m[0m
[component_container_isolated-8] [INFO] [1791163441.792021571] [docking_server]: Configuring docking_server
[component_container_isolated-8] [INFO] [1791163441.792149675] [docking_server]: Controller frequency set to 50.0000Hz
[component_container_isolated-8] [INFO] [1791163441.905246066] [docking_server]: Created charging dock plugin simple_charging_dock of type opennav_docking::SimpleChargingDock
[component_container_isolated-8] [WARN] [1791163441.954996591] [docking_server]: Dock database filepath nor dock parameters set. Docking actions can only be executed specifying the dock pose via the action request. Or update the dock database via the reload_database service.
[component_container_isolated-8] [INFO] [1791163441.955097559] [docking_server]: Docking Server has 1 dock types and 0 dock instances available.
[component_container_isolated-8] [INFO] [1791163441.961458563] [lifecycle_manager_navigation]: [34m[1mActivating controller_server[0m[0m
[component_container_isolated-8] [INFO] [1791163441.962144437] [controller_server]: Activating
[component_container_isolated-8] [INFO] [1791163441.962199956] [local_costmap.local_costmap]: Activating
[component_container_isolated-8] [INFO] [1791163441.962211366] [local_costmap.local_costmap]: Checking transform
[component_container_isolated-8] [INFO] [1791163441.962525586] [local_costmap.local_costmap]: start
[component_container_isolated-8] [WARN] [1791163442.167037796] [controller_server]: Parameter controller_server.verbose not found
[component_container_isolated-8] [INFO] [1791163442.172760963] [controller_server]: Optimizer reset
[component_container_isolated-8] [INFO] [1791163442.174739386] [MPPIController]: Activated MPPI Controller: FollowPath
[component_container_isolated-8] [INFO] [1791163442.174799698] [controller_server]: Creating bond (controller_server) to lifecycle manager.
[component_container_isolated-8] [INFO] [1791163442.295998675] [lifecycle_manager_navigation]: Server controller_server connected with bond.
[component_container_isolated-8] [INFO] [1791163442.296109519] [lifecycle_manager_navigation]: [34m[1mActivating smoother_server[0m[0m
[component_container_isolated-8] [INFO] [1791163442.298501212] [smoother_server]: Activating
[component_container_isolated-8] [INFO] [1791163442.298588181] [smoother_server]: Creating bond (smoother_server) to lifecycle manager.
[component_container_isolated-8] [INFO] [1791163442.414842971] [lifecycle_manager_navigation]: Server smoother_server connected with bond.
[component_container_isolated-8] [INFO] [1791163442.414958034] [lifecycle_manager_navigation]: [34m[1mActivating planner_server[0m[0m
[component_container_isolated-8] [INFO] [1791163442.415785533] [planner_server]: Activating
[component_container_isolated-8] [INFO] [1791163442.415861475] [global_costmap.global_costmap]: Activating
[component_container_isolated-8] [INFO] [1791163442.415874995] [global_costmap.global_costmap]: Checking transform
[component_container_isolated-8] [INFO] [1791163442.415950074] [global_costmap.global_costmap]: Timed out waiting for transform from base_link to map to become available, tf error: Lookup would require extrapolation into the past.  Requested time 17.172000 but the earliest data is at time 17.401000, when looking up transform from frame [base_link] to frame [map]
[component_container_isolated-8] [INFO] [1791163442.916113107] [global_costmap.global_costmap]: Timed out waiting for transform from base_link to map to become available, tf error: Lookup would require extrapolation into the past.  Requested time 17.388000 but the earliest data is at time 17.401000, when looking up transform from frame [base_link] to frame [map]
[component_container_isolated-8] [INFO] [1791163443.416446530] [global_costmap.global_costmap]: start
[component_container_isolated-8] [INFO] [1791163444.473216271] [planner_server]: Activating plugin GridBased of type NavfnPlanner
[component_container_isolated-8] [INFO] [1791163444.477955828] [planner_server]: Creating bond (planner_server) to lifecycle manager.
[component_container_isolated-8] [INFO] [1791163444.586492849] [lifecycle_manager_navigation]: Server planner_server connected with bond.
[component_container_isolated-8] [INFO] [1791163444.586597379] [lifecycle_manager_navigation]: [34m[1mActivating route_server[0m[0m
[component_container_isolated-8] [INFO] [1791163444.587309343] [route_server]: Activating
[component_container_isolated-8] [INFO] [1791163444.587586476] [route_server]: Creating bond (route_server) to lifecycle manager.
[component_container_isolated-8] [INFO] [1791163444.719156222] [lifecycle_manager_navigation]: Server route_server connected with bond.
[component_container_isolated-8] [INFO] [1791163444.719242239] [lifecycle_manager_navigation]: [34m[1mActivating behavior_server[0m[0m
[component_container_isolated-8] [INFO] [1791163444.725093842] [behavior_server]: Activating
[component_container_isolated-8] [INFO] [1791163444.725140648] [behavior_server]: Activating spin
[component_container_isolated-8] [INFO] [1791163444.725173688] [behavior_server]: Activating backup
[component_container_isolated-8] [INFO] [1791163444.725186125] [behavior_server]: Activating drive_on_heading
[component_container_isolated-8] [INFO] [1791163444.725198372] [behavior_server]: Activating assisted_teleop
[component_container_isolated-8] [INFO] [1791163444.725211474] [behavior_server]: Activating wait
[component_container_isolated-8] [INFO] [1791163444.725229418] [behavior_server]: Creating bond (behavior_server) to lifecycle manager.
[component_container_isolated-8] [INFO] [1791163444.835785362] [lifecycle_manager_navigation]: Server behavior_server connected with bond.
[component_container_isolated-8] [INFO] [1791163444.835850302] [lifecycle_manager_navigation]: [34m[1mActivating velocity_smoother[0m[0m
[component_container_isolated-8] [INFO] [1791163444.838140188] [velocity_smoother]: Activating
[component_container_isolated-8] [INFO] [1791163444.838229717] [velocity_smoother]: Creating bond (velocity_smoother) to lifecycle manager.
[component_container_isolated-8] [INFO] [1791163444.955473032] [lifecycle_manager_navigation]: Server velocity_smoother connected with bond.
[component_container_isolated-8] [INFO] [1791163444.955582974] [lifecycle_manager_navigation]: [34m[1mActivating collision_monitor[0m[0m
[component_container_isolated-8] [INFO] [1791163444.956354086] [collision_monitor]: Activating
[component_container_isolated-8] [INFO] [1791163444.956443141] [collision_monitor]: Creating bond (collision_monitor) to lifecycle manager.
[component_container_isolated-8] [INFO] [1791163445.067080829] [lifecycle_manager_navigation]: Server collision_monitor connected with bond.
[component_container_isolated-8] [INFO] [1791163445.067167416] [lifecycle_manager_navigation]: [34m[1mActivating bt_navigator[0m[0m
[component_container_isolated-8] [INFO] [1791163445.068347060] [bt_navigator]: Activating
[component_container_isolated-8] [INFO] [1791163445.478343818] [bt_navigator]: Creating bond (bt_navigator) to lifecycle manager.
[component_container_isolated-8] [INFO] [1791163445.599664571] [lifecycle_manager_navigation]: Server bt_navigator connected with bond.
[component_container_isolated-8] [INFO] [1791163445.599860150] [lifecycle_manager_navigation]: [34m[1mActivating waypoint_follower[0m[0m
[component_container_isolated-8] [INFO] [1791163445.600933650] [waypoint_follower]: Activating
[component_container_isolated-8] [INFO] [1791163445.601062295] [waypoint_follower]: Creating bond (waypoint_follower) to lifecycle manager.
