[INFO] [launch]: All log files can be found below /tmp/sim004-ros-k53sjgzg/2026-10-05-12-55-43-196464-DESKTOP-4B51LPI-247932
[INFO] [launch]: Default logging verbosity is set to INFO
[INFO] [xacro-1]: process started with pid [247992]
[INFO] [parameter_bridge-2]: process started with pid [247993]
[INFO] [image_bridge-3]: process started with pid [247994]
[INFO] [image_bridge-4]: process started with pid [247995]
[INFO] [create-5]: process started with pid [247996]
[INFO] [gz-6]: process started with pid [247997]
[INFO] [robot_state_publisher-7]: process started with pid [247998]
[INFO] [component_container_isolated-8]: process started with pid [247999]
[create-5] [INFO] [1791172545.318254965] [ros_gz_sim]: Requesting list of world names.
[robot_state_publisher-7] [WARN] [1791172545.355814379] [kdl_parser]: The root link base_link has an inertia specified in the URDF, but KDL does not support a root link with an inertia.  As a workaround, you can add an extra dummy link to your URDF.
[robot_state_publisher-7] [INFO] [1791172545.360384055] [robot_state_publisher]: Robot initialized
[INFO] [xacro-1]: process has finished cleanly [pid 247992]
[parameter_bridge-2] [INFO] [1791172546.384737726] [bridge_ros_gz]: Creating GZ->ROS Bridge: [/clock (gz.msgs.Clock) -> clock (rosgraph_msgs/msg/Clock)] (Lazy 0)
[parameter_bridge-2] [INFO] [1791172546.389253960] [bridge_ros_gz]: Creating GZ->ROS Bridge: [joint_states (gz.msgs.Model) -> joint_states (sensor_msgs/msg/JointState)] (Lazy 0)
[parameter_bridge-2] [INFO] [1791172546.398835419] [bridge_ros_gz]: Creating GZ->ROS Bridge: [/odom (gz.msgs.Odometry) -> odom (nav_msgs/msg/Odometry)] (Lazy 0)
[parameter_bridge-2] [INFO] [1791172546.409209796] [bridge_ros_gz]: Creating GZ->ROS Bridge: [/tf (gz.msgs.Pose_V) -> tf (tf2_msgs/msg/TFMessage)] (Lazy 0)
[parameter_bridge-2] [INFO] [1791172546.416601614] [bridge_ros_gz]: Creating GZ->ROS Bridge: [/imu (gz.msgs.IMU) -> imu (sensor_msgs/msg/Imu)] (Lazy 0)
[parameter_bridge-2] [INFO] [1791172546.420862373] [bridge_ros_gz]: Creating GZ->ROS Bridge: [/scan (gz.msgs.LaserScan) -> scan (sensor_msgs/msg/LaserScan)] (Lazy 0)
[parameter_bridge-2] [INFO] [1791172546.425171165] [bridge_ros_gz]: Creating ROS->GZ Bridge: [cmd_vel (geometry_msgs/msg/Twist) -> /cmd_vel (gz.msgs.Twist)] (Lazy 0)
[parameter_bridge-2] [INFO] [1791172546.431316866] [bridge_ros_gz]: Creating GZ->ROS Bridge: [/rgbd_camera/camera_info (gz.msgs.CameraInfo) -> /rgbd_camera/camera_info (sensor_msgs/msg/CameraInfo)] (Lazy 0)
[create-5] [INFO] [1791172546.463929671] [ros_gz_sim]: Waiting messages on topic [robot_description].
[create-5] [INFO] [1791172546.478511273] [ros_gz_sim]: Entity creation successful.
[INFO] [create-5]: process has finished cleanly [pid 247996]
[component_container_isolated-8] [INFO] [1791172547.845835496] [nav2_container]: Load Library: /opt/ros/jazzy/lib/libcontroller_server_core.so
[component_container_isolated-8] [INFO] [1791172547.876657867] [nav2_container]: Found class: rclcpp_components::NodeFactoryTemplate<nav2_controller::ControllerServer>
[component_container_isolated-8] [INFO] [1791172547.876937084] [nav2_container]: Instantiate class: rclcpp_components::NodeFactoryTemplate<nav2_controller::ControllerServer>
[component_container_isolated-8] [INFO] [1791172547.918997607] [controller_server]: 
[component_container_isolated-8] 	controller_server lifecycle node launched. 
[component_container_isolated-8] 	Waiting on external lifecycle transitions to activate
[component_container_isolated-8] 	See https://design.ros2.org/articles/node_lifecycle.html for more information.
[component_container_isolated-8] [INFO] [1791172547.926733999] [controller_server]: Creating controller server
[component_container_isolated-8] [INFO] [1791172547.973183523] [local_costmap.local_costmap]: 
[component_container_isolated-8] 	local_costmap lifecycle node launched. 
[component_container_isolated-8] 	Waiting on external lifecycle transitions to activate
[component_container_isolated-8] 	See https://design.ros2.org/articles/node_lifecycle.html for more information.
[component_container_isolated-8] [INFO] [1791172547.974509665] [local_costmap.local_costmap]: Creating Costmap
[component_container_isolated-8] [INFO] [1791172547.976998599] [nav2_container]: Load Library: /opt/ros/jazzy/lib/libmap_server_core.so
[INFO] [launch_ros.actions.load_composable_nodes]: Loaded node '/controller_server' in container '/nav2_container'
[component_container_isolated-8] [INFO] [1791172548.004627578] [nav2_container]: Found class: rclcpp_components::NodeFactoryTemplate<nav2_map_server::CostmapFilterInfoServer>
[component_container_isolated-8] [INFO] [1791172548.004738678] [nav2_container]: Found class: rclcpp_components::NodeFactoryTemplate<nav2_map_server::MapSaver>
[component_container_isolated-8] [INFO] [1791172548.004748028] [nav2_container]: Found class: rclcpp_components::NodeFactoryTemplate<nav2_map_server::MapServer>
[component_container_isolated-8] [INFO] [1791172548.004753803] [nav2_container]: Instantiate class: rclcpp_components::NodeFactoryTemplate<nav2_map_server::MapServer>
[component_container_isolated-8] [INFO] [1791172548.037803674] [map_server]: 
[component_container_isolated-8] 	map_server lifecycle node launched. 
[component_container_isolated-8] 	Waiting on external lifecycle transitions to activate
[component_container_isolated-8] 	See https://design.ros2.org/articles/node_lifecycle.html for more information.
[component_container_isolated-8] [INFO] [1791172548.038006991] [map_server]: Creating
[component_container_isolated-8] [INFO] [1791172548.039586591] [nav2_container]: Load Library: /opt/ros/jazzy/lib/libsmoother_server_core.so
[INFO] [launch_ros.actions.load_composable_nodes]: Loaded node '/map_server' in container '/nav2_container'
[component_container_isolated-8] [INFO] [1791172548.051806127] [nav2_container]: Found class: rclcpp_components::NodeFactoryTemplate<nav2_smoother::SmootherServer>
[component_container_isolated-8] [INFO] [1791172548.051897152] [nav2_container]: Instantiate class: rclcpp_components::NodeFactoryTemplate<nav2_smoother::SmootherServer>
[component_container_isolated-8] [INFO] [1791172548.117144395] [smoother_server]: 
[component_container_isolated-8] 	smoother_server lifecycle node launched. 
[component_container_isolated-8] 	Waiting on external lifecycle transitions to activate
[component_container_isolated-8] 	See https://design.ros2.org/articles/node_lifecycle.html for more information.
[component_container_isolated-8] [INFO] [1791172548.121331729] [smoother_server]: Creating smoother server
[INFO] [launch_ros.actions.load_composable_nodes]: Loaded node '/smoother_server' in container '/nav2_container'
[component_container_isolated-8] [INFO] [1791172548.124130221] [nav2_container]: Load Library: /opt/ros/jazzy/lib/libamcl_core.so
[component_container_isolated-8] [INFO] [1791172548.139262373] [nav2_container]: Found class: rclcpp_components::NodeFactoryTemplate<nav2_amcl::AmclNode>
[component_container_isolated-8] [INFO] [1791172548.139354681] [nav2_container]: Instantiate class: rclcpp_components::NodeFactoryTemplate<nav2_amcl::AmclNode>
[component_container_isolated-8] [INFO] [1791172548.204020208] [amcl]: 
[component_container_isolated-8] 	amcl lifecycle node launched. 
[component_container_isolated-8] 	Waiting on external lifecycle transitions to activate
[component_container_isolated-8] 	See https://design.ros2.org/articles/node_lifecycle.html for more information.
[component_container_isolated-8] [INFO] [1791172548.205323525] [amcl]: Creating
[INFO] [launch_ros.actions.load_composable_nodes]: Loaded node '/amcl' in container '/nav2_container'
[component_container_isolated-8] [INFO] [1791172548.220152077] [nav2_container]: Load Library: /opt/ros/jazzy/lib/libplanner_server_core.so
[component_container_isolated-8] [INFO] [1791172548.225679394] [nav2_container]: Found class: rclcpp_components::NodeFactoryTemplate<nav2_planner::PlannerServer>
[component_container_isolated-8] [INFO] [1791172548.225735036] [nav2_container]: Instantiate class: rclcpp_components::NodeFactoryTemplate<nav2_planner::PlannerServer>
[component_container_isolated-8] [INFO] [1791172548.281410353] [planner_server]: 
[component_container_isolated-8] 	planner_server lifecycle node launched. 
[component_container_isolated-8] 	Waiting on external lifecycle transitions to activate
[component_container_isolated-8] 	See https://design.ros2.org/articles/node_lifecycle.html for more information.
[component_container_isolated-8] [INFO] [1791172548.284867103] [planner_server]: Creating
[component_container_isolated-8] [INFO] [1791172548.363468715] [global_costmap.global_costmap]: 
[component_container_isolated-8] 	global_costmap lifecycle node launched. 
[component_container_isolated-8] 	Waiting on external lifecycle transitions to activate
[component_container_isolated-8] 	See https://design.ros2.org/articles/node_lifecycle.html for more information.
[component_container_isolated-8] [INFO] [1791172548.364602999] [global_costmap.global_costmap]: Creating Costmap
[INFO] [launch_ros.actions.load_composable_nodes]: Loaded node '/planner_server' in container '/nav2_container'
[component_container_isolated-8] [INFO] [1791172548.368740649] [nav2_container]: Load Library: /opt/ros/jazzy/lib/libnav2_lifecycle_manager_core.so
[component_container_isolated-8] [INFO] [1791172548.372985825] [nav2_container]: Found class: rclcpp_components::NodeFactoryTemplate<nav2_lifecycle_manager::LifecycleManager>
[component_container_isolated-8] [INFO] [1791172548.373070342] [nav2_container]: Instantiate class: rclcpp_components::NodeFactoryTemplate<nav2_lifecycle_manager::LifecycleManager>
[component_container_isolated-8] [INFO] [1791172548.422761932] [lifecycle_manager_localization]: Creating
[component_container_isolated-8] [INFO] [1791172548.447107136] [lifecycle_manager_localization]: [34m[1mCreating and initializing lifecycle service clients[0m[0m
[component_container_isolated-8] [INFO] [1791172548.447245278] [nav2_container]: Load Library: /opt/ros/jazzy/lib/libroute_server_core.so
[INFO] [launch_ros.actions.load_composable_nodes]: Loaded node '/lifecycle_manager_localization' in container '/nav2_container'
[component_container_isolated-8] [INFO] [1791172548.455573562] [nav2_container]: Found class: rclcpp_components::NodeFactoryTemplate<nav2_route::RouteServer>
[component_container_isolated-8] [INFO] [1791172548.455700062] [nav2_container]: Instantiate class: rclcpp_components::NodeFactoryTemplate<nav2_route::RouteServer>
[component_container_isolated-8] [INFO] [1791172548.519024963] [route_server]: 
[component_container_isolated-8] 	route_server lifecycle node launched. 
[component_container_isolated-8] 	Waiting on external lifecycle transitions to activate
[component_container_isolated-8] 	See https://design.ros2.org/articles/node_lifecycle.html for more information.
[INFO] [launch_ros.actions.load_composable_nodes]: Loaded node '/route_server' in container '/nav2_container'
[component_container_isolated-8] [INFO] [1791172548.527407423] [nav2_container]: Load Library: /opt/ros/jazzy/lib/libbehavior_server_core.so
[gz-6] [1;33mWarning [Utils.cc:132][0m [/sdf/model[@name="turtlebot4"]/link[@name="rplidar_link"]/sensor[@name="rplidar"]/gz_frame_id:<urdf-string>:L0]: XML Element[gz_frame_id], child of element[sensor], not defined in SDF. Copying[gz_frame_id] as children of [sensor].
[component_container_isolated-8] [INFO] [1791172548.532559366] [nav2_container]: Found class: rclcpp_components::NodeFactoryTemplate<behavior_server::BehaviorServer>
[component_container_isolated-8] [INFO] [1791172548.532664507] [nav2_container]: Instantiate class: rclcpp_components::NodeFactoryTemplate<behavior_server::BehaviorServer>
[component_container_isolated-8] [INFO] [1791172548.589947016] [behavior_server]: 
[component_container_isolated-8] 	behavior_server lifecycle node launched. 
[component_container_isolated-8] 	Waiting on external lifecycle transitions to activate
[component_container_isolated-8] 	See https://design.ros2.org/articles/node_lifecycle.html for more information.
[INFO] [launch_ros.actions.load_composable_nodes]: Loaded node '/behavior_server' in container '/nav2_container'
[component_container_isolated-8] [INFO] [1791172548.604604426] [nav2_container]: Load Library: /opt/ros/jazzy/lib/libbt_navigator_core.so
[component_container_isolated-8] [INFO] [1791172548.617626503] [nav2_container]: Found class: rclcpp_components::NodeFactoryTemplate<nav2_bt_navigator::BtNavigator>
[component_container_isolated-8] [INFO] [1791172548.617731737] [nav2_container]: Instantiate class: rclcpp_components::NodeFactoryTemplate<nav2_bt_navigator::BtNavigator>
[component_container_isolated-8] [INFO] [1791172548.675911937] [bt_navigator]: 
[component_container_isolated-8] 	bt_navigator lifecycle node launched. 
[component_container_isolated-8] 	Waiting on external lifecycle transitions to activate
[component_container_isolated-8] 	See https://design.ros2.org/articles/node_lifecycle.html for more information.
[component_container_isolated-8] [INFO] [1791172548.678613079] [bt_navigator]: Creating
[INFO] [launch_ros.actions.load_composable_nodes]: Loaded node '/bt_navigator' in container '/nav2_container'
[component_container_isolated-8] [INFO] [1791172548.683909397] [nav2_container]: Load Library: /opt/ros/jazzy/lib/libwaypoint_follower_core.so
[component_container_isolated-8] [INFO] [1791172548.689806039] [nav2_container]: Found class: rclcpp_components::NodeFactoryTemplate<nav2_waypoint_follower::WaypointFollower>
[component_container_isolated-8] [INFO] [1791172548.689902839] [nav2_container]: Instantiate class: rclcpp_components::NodeFactoryTemplate<nav2_waypoint_follower::WaypointFollower>
[component_container_isolated-8] [INFO] [1791172548.734464213] [waypoint_follower]: 
[component_container_isolated-8] 	waypoint_follower lifecycle node launched. 
[component_container_isolated-8] 	Waiting on external lifecycle transitions to activate
[component_container_isolated-8] 	See https://design.ros2.org/articles/node_lifecycle.html for more information.
[component_container_isolated-8] [INFO] [1791172548.735646438] [waypoint_follower]: Creating
[INFO] [launch_ros.actions.load_composable_nodes]: Loaded node '/waypoint_follower' in container '/nav2_container'
[component_container_isolated-8] [INFO] [1791172548.741513289] [nav2_container]: Load Library: /opt/ros/jazzy/lib/libvelocity_smoother_core.so
[component_container_isolated-8] [INFO] [1791172548.745378689] [nav2_container]: Found class: rclcpp_components::NodeFactoryTemplate<nav2_velocity_smoother::VelocitySmoother>
[component_container_isolated-8] [INFO] [1791172548.745459264] [nav2_container]: Instantiate class: rclcpp_components::NodeFactoryTemplate<nav2_velocity_smoother::VelocitySmoother>
[component_container_isolated-8] [INFO] [1791172548.789536821] [velocity_smoother]: 
[component_container_isolated-8] 	velocity_smoother lifecycle node launched. 
[component_container_isolated-8] 	Waiting on external lifecycle transitions to activate
[component_container_isolated-8] 	See https://design.ros2.org/articles/node_lifecycle.html for more information.
[INFO] [launch_ros.actions.load_composable_nodes]: Loaded node '/velocity_smoother' in container '/nav2_container'
[component_container_isolated-8] [INFO] [1791172548.793207521] [nav2_container]: Load Library: /opt/ros/jazzy/lib/libcollision_monitor_core.so
[component_container_isolated-8] [INFO] [1791172548.805873473] [nav2_container]: Found class: rclcpp_components::NodeFactoryTemplate<nav2_collision_monitor::CollisionMonitor>
[component_container_isolated-8] [INFO] [1791172548.806072665] [nav2_container]: Instantiate class: rclcpp_components::NodeFactoryTemplate<nav2_collision_monitor::CollisionMonitor>
[component_container_isolated-8] [INFO] [1791172548.852835322] [collision_monitor]: 
[component_container_isolated-8] 	collision_monitor lifecycle node launched. 
[component_container_isolated-8] 	Waiting on external lifecycle transitions to activate
[component_container_isolated-8] 	See https://design.ros2.org/articles/node_lifecycle.html for more information.
[INFO] [launch_ros.actions.load_composable_nodes]: Loaded node '/collision_monitor' in container '/nav2_container'
[component_container_isolated-8] [INFO] [1791172548.856054839] [nav2_container]: Load Library: /opt/ros/jazzy/lib/libopennav_docking_core.so
[component_container_isolated-8] [INFO] [1791172548.862176340] [nav2_container]: Found class: rclcpp_components::NodeFactoryTemplate<opennav_docking::DockingServer>
[component_container_isolated-8] [INFO] [1791172548.862259665] [nav2_container]: Instantiate class: rclcpp_components::NodeFactoryTemplate<opennav_docking::DockingServer>
[component_container_isolated-8] [INFO] [1791172548.911995439] [docking_server]: 
[component_container_isolated-8] 	docking_server lifecycle node launched. 
[component_container_isolated-8] 	Waiting on external lifecycle transitions to activate
[component_container_isolated-8] 	See https://design.ros2.org/articles/node_lifecycle.html for more information.
[component_container_isolated-8] [INFO] [1791172548.912070514] [docking_server]: Creating docking_server
[INFO] [launch_ros.actions.load_composable_nodes]: Loaded node '/docking_server' in container '/nav2_container'
[component_container_isolated-8] [INFO] [1791172548.922800924] [nav2_container]: Found class: rclcpp_components::NodeFactoryTemplate<nav2_lifecycle_manager::LifecycleManager>
[component_container_isolated-8] [INFO] [1791172548.922852899] [nav2_container]: Instantiate class: rclcpp_components::NodeFactoryTemplate<nav2_lifecycle_manager::LifecycleManager>
[component_container_isolated-8] [INFO] [1791172548.954030204] [lifecycle_manager_navigation]: Creating
[component_container_isolated-8] [INFO] [1791172548.960694372] [lifecycle_manager_navigation]: [34m[1mCreating and initializing lifecycle service clients[0m[0m
[INFO] [launch_ros.actions.load_composable_nodes]: Loaded node '/lifecycle_manager_navigation' in container '/nav2_container'
[component_container_isolated-8] [INFO] [1791172581.771886474] [map_server]: Configuring
[component_container_isolated-8] [INFO] [1791172581.772381290] [map_io]: Loading yaml file: /opt/ros/jazzy/share/nav2_bringup/maps/depot.yaml
[component_container_isolated-8] [INFO] [1791172581.773555357] [map_io]: resolution: 0.05
[component_container_isolated-8] [INFO] [1791172581.774309316] [map_io]: origin[0]: -7.14
[component_container_isolated-8] [INFO] [1791172581.775218007] [map_io]: origin[1]: -7.83
[component_container_isolated-8] [INFO] [1791172581.775248716] [map_io]: origin[2]: 0
[component_container_isolated-8] [INFO] [1791172581.775255132] [map_io]: free_thresh: 0.25
[component_container_isolated-8] [INFO] [1791172581.775259991] [map_io]: occupied_thresh: 0.65
[component_container_isolated-8] [INFO] [1791172581.775278691] [map_io]: mode: trinary
[component_container_isolated-8] [INFO] [1791172581.775285107] [map_io]: negate: 0
[component_container_isolated-8] [INFO] [1791172581.777661291] [map_io]: Loading image_file: /opt/ros/jazzy/share/nav2_bringup/maps/depot.pgm
[component_container_isolated-8] [INFO] [1791172581.807409421] [map_io]: Read map /opt/ros/jazzy/share/nav2_bringup/maps/depot.pgm: 604 X 307 map @ 0.05 m/cell
[component_container_isolated-8] [INFO] [1791172584.243624612] [map_server]: Activating
[component_container_isolated-8] [INFO] [1791172584.244116037] [map_server]: Creating bond (map_server) to lifecycle manager.
[component_container_isolated-8] [INFO] [1791172587.593066449] [amcl]: Configuring
[component_container_isolated-8] [INFO] [1791172587.594032891] [amcl]: initTransforms
[component_container_isolated-8] [INFO] [1791172587.654200975] [amcl]: initPubSub
[component_container_isolated-8] [INFO] [1791172587.689916881] [amcl]: Subscribed to map topic.
[component_container_isolated-8] [INFO] [1791172587.716606093] [amcl]: Received a 604 X 307 map @ 0.050 m/pix
[component_container_isolated-8] [INFO] [1791172590.206468055] [amcl]: Message Filter dropping message: frame 'rplidar_link' at time 7.401 for reason 'the timestamp on the message is earlier than all the data in the transform cache'
[component_container_isolated-8] [INFO] [1791172590.248412711] [amcl]: Activating
[component_container_isolated-8] [INFO] [1791172590.248527019] [amcl]: Creating bond (amcl) to lifecycle manager.
[component_container_isolated-8] [INFO] [1791172590.337525833] [amcl]: createLaserObject
[component_container_isolated-8] [WARN] [1791172592.868795222] [amcl]: AMCL cannot publish a pose or update the transform. Please set the initial pose...
[component_container_isolated-8] [WARN] [1791172600.853677860] [amcl]: AMCL cannot publish a pose or update the transform. Please set the initial pose...
[component_container_isolated-8] [INFO] [1791172604.277924114] [amcl]: initialPoseReceived
[component_container_isolated-8] [WARN] [1791172604.278362014] [amcl]: Failed to transform initial pose in time (Lookup would require extrapolation into the future.  Requested time 12.714000 but the latest data is at time 12.708000, when looking up transform from frame [base_footprint] to frame [odom])
[component_container_isolated-8] [INFO] [1791172604.278412914] [amcl]: Setting pose (12.714000): -6.500 0.000 0.000
